

     ************************************************************************
     *************** Dalton - An Electronic Structure Program ***************
     ************************************************************************

    This is output from DALTON release Dalton2017.alpha (2016)
         ( Web site: http://daltonprogram.org )

   ----------------------------------------------------------------------------

    NOTE:
     
    Dalton is an experimental code for the evaluation of molecular
    properties using (MC)SCF, DFT, CI, and CC wave functions.
    The authors accept no responsibility for the performance of
    the code or for the correctness of the results.
     
    The code (in whole or part) is provided under a licence and
    is not to be reproduced for further distribution without
    the written permission of the authors or their representatives.
     
    See the home page "http://daltonprogram.org" for further information.
     
    If results obtained with this code are published,
    the appropriate citations would be both of:
     
       K. Aidas, C. Angeli, K. L. Bak, V. Bakken, R. Bast,
       L. Boman, O. Christiansen, R. Cimiraglia, S. Coriani,
       P. Dahle, E. K. Dalskov, U. Ekstroem,
       T. Enevoldsen, J. J. Eriksen, P. Ettenhuber, B. Fernandez,
       L. Ferrighi, H. Fliegl, L. Frediani, K. Hald, A. Halkier,
       C. Haettig, H. Heiberg, T. Helgaker, A. C. Hennum,
       H. Hettema, E. Hjertenaes, S. Hoest, I.-M. Hoeyvik,
       M. F. Iozzi, B. Jansik, H. J. Aa. Jensen, D. Jonsson,
       P. Joergensen, J. Kauczor, S. Kirpekar,
       T. Kjaergaard, W. Klopper, S. Knecht, R. Kobayashi, H. Koch,
       J. Kongsted, A. Krapp, K. Kristensen, A. Ligabue,
       O. B. Lutnaes, J. I. Melo, K. V. Mikkelsen, R. H. Myhre,
       C. Neiss, C. B. Nielsen, P. Norman, J. Olsen,
       J. M. H. Olsen, A. Osted, M. J. Packer, F. Pawlowski,
       T. B. Pedersen, P. F. Provasi, S. Reine, Z. Rinkevicius,
       T. A. Ruden, K. Ruud, V. Rybkin, P. Salek, C. C. M. Samson,
       A. Sanchez de Meras, T. Saue, S. P. A. Sauer,
       B. Schimmelpfennig, K. Sneskov, A. H. Steindal,
       K. O. Sylvester-Hvid, P. R. Taylor, A. M. Teale,
       E. I. Tellgren, D. P. Tew, A. J. Thorvaldsen, L. Thoegersen,
       O. Vahtras, M. A. Watson, D. J. D. Wilson, M. Ziolkowski
       and H. Agren,
       "The Dalton quantum chemistry program system",
       WIREs Comput. Mol. Sci. 2014, 4:269â€“284 (doi: 10.1002/wcms.1172)
     
    and
     
       Dalton, a Molecular Electronic Structure Program,
       Release Dalton2017.alpha (2016), see http://daltonprogram.org
   ----------------------------------------------------------------------------

    Authors in alphabetical order (major contribution(s) in parenthesis):

  Kestutis Aidas,           Vilnius University,           Lithuania   (QM/MM)
  Celestino Angeli,         University of Ferrara,        Italy       (NEVPT2)
  Keld L. Bak,              UNI-C,                        Denmark     (AOSOPPA, non-adiabatic coupling, magnetic properties)
  Vebjoern Bakken,          University of Oslo,           Norway      (DALTON; geometry optimizer, symmetry detection)
  Radovan Bast,             UiT The Arctic U. of Norway,  Norway      (DALTON installation and execution frameworks)
  Pablo Baudin,             University of Valencia,       Spain       (Cholesky excitation energies)
  Linus Boman,              NTNU,                         Norway      (Cholesky decomposition and subsystems)
  Ove Christiansen,         Aarhus University,            Denmark     (CC module)
  Renzo Cimiraglia,         University of Ferrara,        Italy       (NEVPT2)
  Sonia Coriani,            University of Trieste,        Italy       (CC module, MCD in RESPONS)
  Janusz Cukras,            University of Trieste,        Italy       (MChD in RESPONS)
  Paal Dahle,               University of Oslo,           Norway      (Parallelization)
  Erik K. Dalskov,          UNI-C,                        Denmark     (SOPPA)
  Thomas Enevoldsen,        Univ. of Southern Denmark,    Denmark     (SOPPA)
  Janus J. Eriksen,         Aarhus University,            Denmark     (Polarizable embedding model, TDA)
  Rasmus Faber,             University of Copenhagen,     Denmark     (Vib.avg. NMR with SOPPA, parallel AO-SOPPA)
  Berta Fernandez,          U. of Santiago de Compostela, Spain       (doublet spin, ESR in RESPONS)
  Lara Ferrighi,            Aarhus University,            Denmark     (PCM Cubic response)
  Heike Fliegl,             University of Oslo,           Norway      (CCSD(R12))
  Luca Frediani,            UiT The Arctic U. of Norway,  Norway      (PCM)
  Bin Gao,                  UiT The Arctic U. of Norway,  Norway      (Gen1Int library)
  Christof Haettig,         Ruhr-University Bochum,       Germany     (CC module)
  Kasper Hald,              Aarhus University,            Denmark     (CC module)
  Asger Halkier,            Aarhus University,            Denmark     (CC module)
  Frederik Beyer Hansen,    University of Copenhagen,     Denmark     (Parallel AO-SOPPA)
  Erik D. Hedegaard,        Univ. of Southern Denmark,    Denmark     (Polarizable embedding model, QM/MM)
  Hanne Heiberg,            University of Oslo,           Norway      (geometry analysis, selected one-electron integrals)
  Trygve Helgaker,          University of Oslo,           Norway      (DALTON; ABACUS, ERI, DFT modules, London, and much more)
  Alf Christian Hennum,     University of Oslo,           Norway      (Parity violation)
  Hinne Hettema,            University of Auckland,       New Zealand (quadratic response in RESPONS; SIRIUS supersymmetry)
  Eirik Hjertenaes,         NTNU,                         Norway      (Cholesky decomposition)
  Maria Francesca Iozzi,    University of Oslo,           Norway      (RPA)
  Brano Jansik              Technical Univ. of Ostrava    Czech Rep.  (DFT cubic response)
  Hans Joergen Aa. Jensen,  Univ. of Southern Denmark,    Denmark     (DALTON; SIRIUS, RESPONS, ABACUS modules, London, and much more)
  Dan Jonsson,              UiT The Arctic U. of Norway,  Norway      (cubic response in RESPONS module)
  Poul Joergensen,          Aarhus University,            Denmark     (RESPONS, ABACUS, and CC modules)
  Maciej Kaminski,          University of Warsaw,         Poland      (CPPh in RESPONS)
  Joanna Kauczor,           Linkoeping University,        Sweden      (Complex polarization propagator (CPP) module)
  Sheela Kirpekar,          Univ. of Southern Denmark,    Denmark     (Mass-velocity & Darwin integrals)
  Wim Klopper,              KIT Karlsruhe,                Germany     (R12 code in CC, SIRIUS, and ABACUS modules)
  Stefan Knecht,            ETH Zurich,                   Switzerland (Parallel CI and MCSCF)
  Rika Kobayashi,           Australian National Univ.,    Australia   (DIIS in CC, London in MCSCF)
  Henrik Koch,              NTNU,                         Norway      (CC module, Cholesky decomposition)
  Jacob Kongsted,           Univ. of Southern Denmark,    Denmark     (Polarizable embedding model, QM/MM)
  Andrea Ligabue,           University of Modena,         Italy       (CTOCD, AOSOPPA)
  Nanna H. List             Univ. of Southern Denmark,    Denmark     (Polarizable embedding model)
  Ola B. Lutnaes,           University of Oslo,           Norway      (DFT Hessian)
  Juan I. Melo,             University of Buenos Aires,   Argentina   (LRESC, Relativistic Effects on NMR Shieldings)
  Kurt V. Mikkelsen,        University of Copenhagen,     Denmark     (MC-SCRF and QM/MM)
  Rolf H. Myhre,            NTNU,                         Norway      (Cholesky, subsystems and ECC2)
  Christian Neiss,          Univ. Erlangen-Nuernberg,     Germany     (CCSD(R12))
  Christian B. Nielsen,     University of Copenhagen,     Denmark     (QM/MM)
  Patrick Norman,           Linkoeping University,        Sweden      (Cubic response and complex frequency response in RESPONS)
  Jeppe Olsen,              Aarhus University,            Denmark     (SIRIUS CI/density modules)
  Jogvan Magnus H. Olsen,   Univ. of Southern Denmark,    Denmark     (Polarizable embedding model, QM/MM)
  Anders Osted,             Copenhagen University,        Denmark     (QM/MM)
  Martin J. Packer,         University of Sheffield,      UK          (SOPPA)
  Filip Pawlowski,          Kazimierz Wielki University,  Poland      (CC3)
  Morten N. Pedersen,       Univ. of Southern Denmark,    Denmark     (Polarizable embedding model)
  Thomas B. Pedersen,       University of Oslo,           Norway      (Cholesky decomposition)
  Patricio F. Provasi,      University of Northeastern,   Argentina   (Analysis of coupling constants in localized orbitals)
  Zilvinas Rinkevicius,     KTH Stockholm,                Sweden      (open-shell DFT, ESR)
  Elias Rudberg,            KTH Stockholm,                Sweden      (DFT grid and basis info)
  Torgeir A. Ruden,         University of Oslo,           Norway      (Numerical derivatives in ABACUS)
  Kenneth Ruud,             UiT The Arctic U. of Norway,  Norway      (DALTON; ABACUS magnetic properties and much more)
  Pawel Salek,              KTH Stockholm,                Sweden      (DALTON; DFT code)
  Claire C. M. Samson       University of Karlsruhe       Germany     (Boys localization, r12 integrals in ERI)
  Alfredo Sanchez de Meras, University of Valencia,       Spain       (CC module, Cholesky decomposition)
  Trond Saue,               Paul Sabatier University,     France      (direct Fock matrix construction)
  Stephan P. A. Sauer,      University of Copenhagen,     Denmark     (SOPPA(CCSD), SOPPA prop., AOSOPPA, vibrational g-factors)
  Bernd Schimmelpfennig,    Forschungszentrum Karlsruhe,  Germany     (AMFI module)
  Kristian Sneskov,         Aarhus University,            Denmark     (Polarizable embedding model, QM/MM)
  Arnfinn H. Steindal,      UiT The Arctic U. of Norway,  Norway      (parallel QM/MM, Polarizable embedding model)
  Casper Steinmann,         Univ. of Southern Denmark,    Denmark     (QFIT, Polarizable embedding model)
  K. O. Sylvester-Hvid,     University of Copenhagen,     Denmark     (MC-SCRF)
  Peter R. Taylor,          VLSCI/Univ. of Melbourne,     Australia   (Symmetry handling ABACUS, integral transformation)
  Andrew M. Teale,          University of Nottingham,     England     (DFT-AC, DFT-D)
  David P. Tew,             University of Bristol,        England     (CCSD(R12))
  Olav Vahtras,             KTH Stockholm,                Sweden      (triplet response, spin-orbit, ESR, TDDFT, open-shell DFT)
  David J. Wilson,          La Trobe University,          Australia   (DFT Hessian and DFT magnetizabilities)
  Hans Agren,               KTH Stockholm,                Sweden      (SIRIUS module, RESPONS, MC-SCRF solvation model)
 --------------------------------------------------------------------------------

     Date and time (Linux)  : Wed Sep 21 13:35:17 2016
     Host name              : olav-ThinkPad-W540                      

 * Work memory size             :    64000000 =  488.28 megabytes.

 * Directories for basis set searches:
   1) /home/olav/dev/py/daltools/tests/test_xindx.d
   2) /home/olav/dev/daltonprogram/dalton/build/master/basis


Compilation information
-----------------------

 Who compiled             | olav
 Host                     | olav-ThinkPad-W540
 System                   | Linux-4.4.0-21-generic
 CMake generator          | Unix Makefiles
 Processor                | x86_64
 64-bit integers          | OFF
 MPI                      | ON
 Fortran compiler         | /usr/bin/mpif90
 Fortran compiler version | GNU Fortran (Ubuntu 5.3.1-14ubuntu2) 5.3.1 2016041
                          | 3
 C compiler               | /usr/bin/mpicc
 C compiler version       | gcc (Ubuntu 5.3.1-14ubuntu2) 5.3.1 20160413
 C++ compiler             | /usr/bin/mpicxx
 C++ compiler version     | unknown
 BLAS                     | /usr/lib/libblas.so
 LAPACK                   | /usr/lib/liblapack.so
 Static linking           | OFF
 Last Git revision        | b1631daed6a54e64d3a1565428a692c784e53882
 Git branch               | master
 Configuration time       | 2016-06-23 13:25:17.951294

 * Sequential calculation.


   Content of the .dal input file
 ----------------------------------

**DALTON
.RUN WAVE F
**WAVE FUNCTIONS
.HF
.MCSCF
.INTERFACE
*SCF INPUT
*CONFIG
.SPIN M
 1
.SYMMETRY
 1
.INACTIVE
 0
.ELECTRONS
 2
.CAS SPACE
 2
*OPTIMI
.DETERM
**END OF DALTON INPUT


   Content of the .mol file
 ----------------------------

ATOMBASIS
H2
------------------------
    1    0         A 1.00D-12
        1.0   2    Basis=STO-3G
H            0 0 0.7
H            0 0 -0.7


       *******************************************************************
       *********** Output from DALTON general input processing ***********
       *******************************************************************

 --------------------------------------------------------------------------------
   Overall default print level:    0
   Print level for DALTON.STAT:    1

    HERMIT 1- and 2-electron integral sections will be executed
    "Old" integral transformation used (limited to max 255 basis functions)
    Wave function sections will be executed (SIRIUS module)
 --------------------------------------------------------------------------------


   ****************************************************************************
   *************** Output of molecule and basis set information ***************
   ****************************************************************************


    The two title cards from your ".mol" input:
    ------------------------------------------------------------------------
 1: H2                                                                      
 2: ------------------------                                                
    ------------------------------------------------------------------------



@ WARNING - deprecated old .mol fixed format input has been detected:
    1    0         A 1.00D-12                                                   
@ WARNING - this input format may not be supported in future releases.




  Coordinates are entered in Angstrom and converted to atomic units.
          - Conversion factor : 1 bohr = 0.52917721 A

  Atomic type no.    1
  --------------------
  Nuclear charge:   1.00000
  Number of symmetry independent centers:    2
  Number of basis sets to read;    2
  The basis set is "STO-3G" from the basis set library.
  Basis set file used for this atomic type with Z =   1 :
     "/home/olav/dev/daltonprogram/dalton/build/master/basis/STO-3G"


                         SYMGRP: Point group information
                         -------------------------------

@    Point group: C1 


                                 Isotopic Masses
                                 ---------------

                           H           1.007825
                           H           1.007825

                       Total mass:     2.015650 amu
                       Natural abundance:  99.970 %

 Center-of-mass coordinates (a.u.):    0.000000    0.000000    0.000000


  Atoms and basis sets
  --------------------

  Number of atom types :    1
  Total number of atoms:    2

  label    atoms   charge   prim   cont     basis
  ----------------------------------------------------------------------
  H           2    1.0000     3     1      [3s|1s]                                            
  ----------------------------------------------------------------------
  total:      2    2.0000     6     2
  ----------------------------------------------------------------------

  Threshold for neglecting AO integrals:  1.00D-12


  Cartesian Coordinates (a.u.)
  ----------------------------

  Total number of coordinates:    6
  H       :     1  x   0.0000000000    2  y   0.0000000000    3  z   1.3228082875
  H       :     4  x   0.0000000000    5  y   0.0000000000    6  z  -1.3228082875


   Interatomic separations (in Angstrom):
   --------------------------------------

            H           H     
            ------      ------
 H     :    0.000000
 H     :    1.400000    0.000000


  Max    interatomic separation is    1.4000 Angstrom (    2.6456 Bohr)
  between atoms    2 and    1, "H     " and "H     ".

  Min HX interatomic separation is    1.4000 Angstrom (    2.6456 Bohr)


  Bond distances (Angstrom):
  --------------------------

                  atom 1     atom 2       distance
                  ------     ------       --------




 Principal moments of inertia (u*A**2) and principal axes
 --------------------------------------------------------

   IA       0.000000          0.000000    0.000000    1.000000
   IB       0.987668          0.000000    1.000000    0.000000
   IC       0.987668          1.000000    0.000000    0.000000


 Rotational constants
 --------------------

@    The molecule is linear.

               B =       511688.90 MHz     (   17.068104 cm-1)


@  Nuclear repulsion energy :    0.377983722000 Hartree


                     .---------------------------------------.
                     | Starting in Integral Section (HERMIT) |
                     `---------------------------------------'



 ***************************************************************************************
 ****************** Output from **INTEGRALS input processing (HERMIT) ******************
 ***************************************************************************************


 - Using defaults, no **INTEGRALS input found

 Default print level:        1

 * Nuclear model: Point charge

 Calculation of one- and two-electron Hamiltonian integrals.

 Center of mass  (bohr):      0.000000000000      0.000000000000      0.000000000000
 Operator center (bohr):      0.000000000000      0.000000000000      0.000000000000
 Gauge origin    (bohr):      0.000000000000      0.000000000000      0.000000000000
 Dipole origin   (bohr):      0.000000000000      0.000000000000      0.000000000000


     ************************************************************************
     ************************** Output from HERINT **************************
     ************************************************************************


 Threshold for neglecting two-electron integrals:  1.00D-12
 HERMIT - Number of two-electron integrals written:           6 (100.0% )
 HERMIT - Megabytes written:                              0.007

  Total CPU  time used in HERMIT:   0.00 seconds
  Total wall time used in HERMIT:   0.01 seconds


                        .----------------------------------.
                        | End of Integral Section (HERMIT) |
                        `----------------------------------'



                   .--------------------------------------------.
                   | Starting in Wave Function Section (SIRIUS) |
                   `--------------------------------------------'


 *** Output from Huckel module :

     Using EWMO model:          T
     Using EHT  model:          F
     Number of Huckel orbitals each symmetry:    2

 EWMO - Energy Weighted Maximum Overlap - is a Huckel type method,
        which normally is better than Extended Huckel Theory.
 Reference: Linderberg and Ohrn, Propagators in Quantum Chemistry (Wiley, 1973)

 Huckel EWMO eigenvalues for symmetry :  1
           -0.692704      -0.307296

 **********************************************************************
 *SIRIUS* a direct, restricted step, second order MCSCF program       *
 **********************************************************************

 
     Date and time (Linux)  : Wed Sep 21 13:35:17 2016
     Host name              : olav-ThinkPad-W540                      

 Title lines from ".mol" input file:
     H2                                                                      
     ------------------------                                                

 Print level on unit LUPRI =   2 is   0
 Print level on unit LUW4  =   2 is   5

@    MC-SCF optimization.
@              Type: complete active space calculation (CAS).

@    This is a combination run starting with
@              a restricted, closed shell Hartree-Fock calculation


 Initial molecular orbitals are obtained according to
 ".MOSTART EWMO  " input option

     Wave function specification
     ============================
@    Wave function type        --- MC-SCF ---
@    Number of closed shell electrons           0
@    Number of electrons in active shells       2
@    Total charge of the molecule               0

@    Spin multiplicity and 2 M_S                1         0
@    Total number of symmetries                 1 (point group: C1 )
@    Reference state symmetry                   1 (irrep name : A  )

     Orbital specifications
     ======================
@    Abelian symmetry species          All |    1
@                                          |  A  
                                       --- |  ---
@    Inactive orbitals                   0 |    0
@    Active orbitals                     2 |    2
@    Secondary orbitals                  0 |    0
@    Total number of orbitals            2 |    2
@    Number of basis functions           2 |    2

      -- Initial occupation of symmetries is determined from total charge (only one symmetry!)
      -- Initial occupation of symmetries is :
@    Occupied SCF orbitals               1 |    1

     Optimization information
     ========================
@    Number of determinants                   4
@    Number of orbital rotations              0
     ------------------------------------------
@    Total number of variables                4

     Maximum number of macro iterations      25
     Maximum number of micro iterations     600
     Threshold for MCSCF gradient      1.00D-05
     Number of initial trial vectors          1
     Number of initial CI iterations          3
     Number of simultaneous trial vectors     1

@    This calculation converges to the lowest state for the specified symmetry and spin species.

     Maximum number of NEO/NR iterations  24


 ***********************************************
 ***** DIIS acceleration of SCF iterations *****
 ***********************************************

 C1-DIIS algorithm; max error vectors =    2

 Iter      Total energy        Error norm    Delta(E)  DIIS dim.
 -----------------------------------------------------------------------------
     (Precalculated two-electron integrals are transformed to P-supermatrix elements.
      Threshold for discarding integrals :  1.00D-12 )
@  1   -0.941480666454        3.40638D-16   -9.41D-01    1

@ *** DIIS converged in   1 iterations !
@     Converged SCF energy, gradient:     -0.941480666454    3.41D-16
    - total time used in SIRFCK :              0.00 seconds

 --- Writing SIRIFC interface file

 CPU and wall time for SCF :       0.004       0.005


        SIRIUS MCSCF optimization (SIROPT)
 ================================================



 ----- Output from SIRIUS CI module (CICTL) -----




 Integral transformation: Total CPU and WALL times (sec)       0.000       0.001

 (CIST1)  4 lowest diagonal elements:

 Element no. Config.no.    Active energy      Total energy

         1 :          1     -1.3194643885     -0.9414806665
         2 :          2     -1.0303895886     -0.6524058666
         3 :          3     -1.0303895886     -0.6524058666
         4 :          4     -0.7211926425     -0.3432089205


 Convergence threshold for CI optimization :     0.00000500


 The requested root number is now converged.


 *** CI converged in  2 iterations.



@ Final CI energies and residuals in symmetry 1 (irrep A  )
@    1       -1.015468258318427       2.56D-16

   --- OUTPUT FROM SIRCNO     Keyword = FD+NO 


 Occupations of CAS natural orbitals:

 Symmetry  1 ( irrep A   in C1  )

   1.801707481   0.198292519


 --- MACRO ITERATION  1 ---
 --------------------------

 Integral transformation: Total CPU and WALL times (sec)       0.004       0.000

 Total MCSCF energy       :            -1.015468258318426  (MACRO    1)

 - Nuclear repulsion      :             0.377983722000000
 - Inactive energy        :             0.000000000000000
 - Active energy          :            -1.393451980318426

 Norm of total gradient   :             0.000000000000
 -    of CI gradient      :             0.000000000000
 -    of orbital gradient :             0.000000000000
      Virial theorem: -V/T =      1.785524
@      MULPOP H      -0.00; H      -0.00; 

 (SIROPT) CI energy lowering:               0.000000000000000
          CI electronic energy:            -1.393451980318426
          CI total energy:                 -1.015468258318426

 *** Optimization control: MCSCF converged ***
     Number of macro iterations used            1
     Number of micro iterations used            0
     Total number of CPU seconds used         0.00

 CPU and wall time for MCSCF :       0.004       0.006


                     .----------------------------------------.
                     | --- SIRIUS OPTIMIZATION STATISTICS --- |
                     `----------------------------------------'


 
     Date and time (Linux)  : Wed Sep 21 13:35:17 2016
     Host name              : olav-ThinkPad-W540                      


  ITER ITMIC     EMCSCF           GRDNRM        RATIO      STPLNG
 ---------------------------------------------------------------------
    1    0     -1.015468258318   0.0000000000  0.000000   0.0000000000


  ITER  INDGCM  GCIMAX      GCINRM     INDGOM  GOBMAX      GOBNRM      GRDNRM
 ------------------------------------------------------------------------------
    1      1    0.000000    0.000000      0    0.000000    0.000000    0.000000


  ITER ITMIC NCLIN NOLIN   TIMMAC    TIMITR    TIMMIC    TIMLIN    TIMMIC/ITMIC
 ------------------------------------------------------------------------------

    1     0     0     0      0.00      0.00      0.00      0.00


 ITER         EMY                 EACTIV              EMCSCF

    1      0.000000000000     -1.393451980318     -1.015468258318


 ITER         DEPRED              DEACT               RATIO

    1      0.000000000000      0.000000000000      0.000000000000


 ITER    BETA           GAMMA             STPLNG              RTRUST

    1      0.00000000  0.00000000      0.000000000000      0.700000000000


                       .-----------------------------------.
                       | --- Final results from SIRIUS --- |
                       `-----------------------------------'


@    Spin multiplicity:           1
@    Spatial symmetry:            1 ( irrep  A   in C1  )
@    Total charge of molecule:    0
@    State number:                1

@    Final MCSCF energy:           -1.015468258318                 
@    Nuclear repulsion:             0.377983722000
@    Electronic energy:            -1.393451980318

@    Final gradient norm:           0.000000000000

 
     Date and time (Linux)  : Wed Sep 21 13:35:17 2016
     Host name              : olav-ThinkPad-W540                      

 Occupancies of natural orbitals
 -------------------------------

 Symmetry 1  ( A  ) -- Total occupation in this symmetry is   2.000000000

   1.801707481   0.198292519

File label for MO orbitals:  21Sep16   (CNOORB)

 (Only coefficients > 0.0100 are printed.)

 Molecular orbitals for symmetry species 1  (A  )
 ------------------------------------------------

    Orbital         1        2
   1 H   :1s     0.6212  -0.8426
   2 H   :1s     0.6212   0.8426

 Printout of CI-coefficients abs greater than 0.05000 for root  1
 *** NOTE: this root is the reference state ***


  Printout of coefficients in interval   0.3162E+00 to  0.1000E+01
  ==============================================================

 Coefficient of determinant         1 is      0.94913315  9.49133152E-01
 alpha-string:  1
  beta-string:  1


  Printout of coefficients in interval   0.1000E+00 to  0.3162E+00
  ==============================================================

 Coefficient of determinant         4 is     -0.31487499 -3.14874991E-01
 alpha-string:     2
  beta-string:     2


  Printout of coefficients in interval   0.5000E-01 to  0.1000E+00
  ==============================================================
   ( no coefficients )

 Norm of printed part of CI vector ..      1.00000000

  Magnitude of CI coefficients
  ============================

  ( Ranges are relative to norm of vector :  1.00E+00 )

  10- 1 to 10- 0         2    0.10000000E+01    0.10000000E+01
  Number of coefficients less than 10^-11 times norm is             2

  Total CPU  time used in SIRIUS :   0.02 seconds
  Total wall time used in SIRIUS :   0.03 seconds

 
     Date and time (Linux)  : Wed Sep 21 13:35:17 2016
     Host name              : olav-ThinkPad-W540                      

 NOTE:    1 warnings have been issued.
 Check output, result, and error files for "WARNING".


                     .---------------------------------------.
                     | End of Wave Function Section (SIRIUS) |
                     `---------------------------------------'

  Total CPU  time used in DALTON:   0.02 seconds
  Total wall time used in DALTON:   0.05 seconds

 
     Date and time (Linux)  : Wed Sep 21 13:35:17 2016
     Host name              : olav-ThinkPad-W540                      
